{
    "size": [
        247,
        288,
        88
    ],
    "location": [
        123,
        144,
        44
    ]
}